// Jest Snapshot v1, https://goo.gl/fbAQLP

exports[`Storyshots Maps Pump HoverTip Hover Object Story 1`] = `
Array [
  <div>
    <div
      className="sc-AxheI gMHGLM is-size-7"
      height={0}
      width={0}
    >
      <span
        className="sc-AxgMl kSACOy"
      >
        <b>
          Status:
        </b>
         
        unbekannt
      </span>
    </div>
  </div>,
  <div />,
]
`;
